/VSQNetworkAnalyzer.cpp
/android/VSQAndroid.cpp
/controllers/UsersController.cpp
/controllers/ChatsController.cpp
/controllers/AttachmentsController.cpp
/controllers/Controllers.cpp
/controllers/MessagesController.cpp
/controllers/Controller.cpp
/controllers/FileCloudController.cpp
/Validator.cpp
/models/FileCloudUploader.cpp
/models/ChatsModel.cpp
/models/FileCloudModel.cpp
/models/Models.cpp
/models/MessagesModel.cpp
/models/DiscoveredContactsModel.cpp
/models/ListModel.cpp
/models/ContactsModel.cpp
/models/ListProxyModel.cpp
/models/AccountSelectionModel.cpp
/models/Model.cpp
/models/MessagesQueue.cpp
/models/ContactsProxyModel.cpp
/models/DiscoveredContactsProxyModel.cpp
/models/ListSelectionModel.cpp
/Messenger.cpp
/notifications/android/FirebaseListener.cpp
/notifications/ios/PushNotificationsIOS.cpp
/notifications/XmppPushNotifications.cpp
/notifications/PushNotifications.cpp
/main.cpp
/logging/VSQLogWorker.cpp
/logging/VSQLogging.cpp
/messenger/MessageStatus.cpp
/messenger/Chat.cpp
/messenger/OutgoingMessage.cpp
/messenger/MessageContentText.cpp
/messenger/User.cpp
/messenger/MessageContentUploadStage.cpp
/messenger/MessageContentPicture.cpp
/messenger/AttachmentId.cpp
/messenger/MessageUpdate.cpp
/messenger/Message.cpp
/messenger/IncomingMessage.cpp
/messenger/MessageContentType.cpp
/messenger/MessageContentDownloadStage.cpp
/messenger/CommKitBridge.cpp
/messenger/MessageContentJsonUtils.cpp
/messenger/MessageGroupChatInfo.cpp
/messenger/UserId.cpp
/messenger/MessageContentEncrypted.cpp
/messenger/OutgoingMessageStage.cpp
/messenger/MessageContentAttachment.cpp
/messenger/IncomingMessageStage.cpp
/messenger/CoreMessenger.cpp
/messenger/ChatId.cpp
/messenger/ChatType.cpp
/messenger/MessageContentFile.cpp
/messenger/MessageId.cpp
/KeyboardEventFilter.cpp
/FileLoader.cpp
/CrashReporter.cpp
/operations/Operation.cpp
/operations/CreateAttachmentPreviewOperation.cpp
/operations/DownloadFileOperation.cpp
/operations/NetworkOperation.cpp
/operations/CreateAttachmentThumbnailOperation.cpp
/operations/LoadAttachmentOperation.cpp
/operations/CalculateAttachmentFingerprintOperation.cpp
/operations/SendMessageOperation.cpp
/operations/CreateThumbnailOperation.cpp
/operations/DownloadAttachmentOperation.cpp
/operations/MessageOperationFactory.cpp
/operations/EncryptUploadFileOperation.cpp
/operations/DecryptFileOperation.cpp
/operations/MessageOperation.cpp
/operations/UploadFileOperation.cpp
/operations/EncryptFileOperation.cpp
/operations/ConvertToPngOperation.cpp
/operations/DownloadDecryptFileOperation.cpp
/operations/UploadAttachmentOperation.cpp
/operations/LoadFileOperation.cpp
/operations/CalculateFileFingerprintOperation.cpp
/VSQContactManager.cpp
/ContactAvatarLoader.cpp
/VSQLastActivityIq.cpp
/resources.qrc
/VSQLastActivityManager.cpp
/Settings.cpp
/states/SignInAsState.cpp
/states/AttachmentPreviewState.cpp
/states/SignInState.cpp
/states/SignInUsernameState.cpp
/states/EditProfileState.cpp
/states/SignUpState.cpp
/states/BackupKeyState.cpp
/states/AccountSelectionState.cpp
/states/SplashScreenState.cpp
/states/VerifyProfileState.cpp
/states/ApplicationStateManager.cpp
/states/NewChatState.cpp
/states/DownloadKeyState.cpp
/states/FileCloudState.cpp
/states/AccountSettingsState.cpp
/states/NewGroupChatState.cpp
/states/NameGroupChatState.cpp
/states/ChatListState.cpp
/states/ChatState.cpp
/macos/VSQMacos.mm
/Utils.cpp
/VSQClipboardProxy.cpp
/database/UserDatabaseMigration.cpp
/database/ContactsTable.cpp
/database/ChatsTable.cpp
/database/AttachmentsTable.cpp
/database/UserDatabase.cpp
/database/MessagesTable.cpp
/database/core/DatabaseTable.cpp
/database/core/ScopedConnection.cpp
/database/core/DatabaseUtils.cpp
/database/core/Database.cpp
/database/core/Patch.cpp
/database/core/Migration.cpp
/database/core/ScopedTransaction.cpp
/ui/VSQUiHelper.cpp
/VSQApplication.cpp
/VSQDiscoveryManager.cpp
/CustomerEnv.cpp
/helpers/FileUtils.cpp
